
> edunet@0.0.0 start
> ng serve

[baseline-browser-mapping] The data in this module is over two months old.  To ensure accurate Baseline data, please update: `npm i baseline-browser-mapping@latest -D`
❯ Building...
✔ Building...
Application bundle generation failed. [7.516 seconds] - 2025-12-02T00:54:48.563Z

[31m✘ [41;31m[[41;97mERROR[41;31m][0m [1mTS2339: Property 'getClase' does not exist on type 'ClasesService'.[0m [1m[35m[plugin angular-compiler][0m

    src/app/profesor/pages/asistencia/asistencia.component.ts:51:25:
[37m      51 │       this.clasesService.[32mgetClase[37m(this.idClase).subscribe({
         ╵                          [32m~~~~~~~~[0m


[31m✘ [41;31m[[41;97mERROR[41;31m][0m [1mTS7006: Parameter 'clase' implicitly has an 'any' type.[0m [1m[35m[plugin angular-compiler][0m

    src/app/profesor/pages/asistencia/asistencia.component.ts:52:17:
[37m      52 │           next: ([32mclase[37m) => {
         ╵                  [32m~~~~~[0m


[31m✘ [41;31m[[41;97mERROR[41;31m][0m [1mTS7006: Parameter 'err' implicitly has an 'any' type.[0m [1m[35m[plugin angular-compiler][0m

    src/app/profesor/pages/asistencia/asistencia.component.ts:57:18:
[37m      57 │           error: ([32merr[37m) => {
         ╵                   [32m~~~[0m


[31m✘ [41;31m[[41;97mERROR[41;31m][0m [1mTS2339: Property 'getAsistenciaClase' does not exist on type 'AsistenciaService'.[0m [1m[35m[plugin angular-compiler][0m

    src/app/profesor/pages/asistencia/asistencia.component.ts:84:29:
[37m      84 │ ...this.asistenciaService.[32mgetAsistenciaClase[37m(this.idClase).subscri...
         ╵                           [32m~~~~~~~~~~~~~~~~~~[0m


[31m✘ [41;31m[[41;97mERROR[41;31m][0m [1mTS7006: Parameter 'data' implicitly has an 'any' type.[0m [1m[35m[plugin angular-compiler][0m

    src/app/profesor/pages/asistencia/asistencia.component.ts:85:17:
[37m      85 │           next: ([32mdata[37m) => {
         ╵                  [32m~~~~[0m


[31m✘ [41;31m[[41;97mERROR[41;31m][0m [1mTS7006: Parameter 'err' implicitly has an 'any' type.[0m [1m[35m[plugin angular-compiler][0m

    src/app/profesor/pages/asistencia/asistencia.component.ts:93:18:
[37m      93 │           error: ([32merr[37m) => {
         ╵                   [32m~~~[0m


[31m✘ [41;31m[[41;97mERROR[41;31m][0m [1mTS2339: Property 'saveAsistencia' does not exist on type 'AsistenciaService'.[0m [1m[35m[plugin angular-compiler][0m

    src/app/profesor/pages/asistencia/asistencia.component.ts:109:29:
[37m      109 │       this.asistenciaService.[32msaveAsistencia[37m(records).subscribe({
          ╵                              [32m~~~~~~~~~~~~~~[0m


[31m✘ [41;31m[[41;97mERROR[41;31m][0m [1mTS7006: Parameter 'err' implicitly has an 'any' type.[0m [1m[35m[plugin angular-compiler][0m

    src/app/profesor/pages/asistencia/asistencia.component.ts:115:18:
[37m      115 │           error: ([32merr[37m) => {
          ╵                   [32m~~~[0m


[31m✘ [41;31m[[41;97mERROR[41;31m][0m [1mTS2554: Expected 0 arguments, but got 1.[0m [1m[35m[plugin angular-compiler][0m

    src/app/profesor/pages/comunicacion/comunicacion.component.ts:53:42:
[37m      53 │        ? this.mensajesService.getEnviados([32mthis.currentUser.id[37m)
         ╵                                           [32m~~~~~~~~~~~~~~~~~~~[0m


[31m✘ [41;31m[[41;97mERROR[41;31m][0m [1mTS2554: Expected 0 arguments, but got 1.[0m [1m[35m[plugin angular-compiler][0m

    src/app/profesor/pages/comunicacion/comunicacion.component.ts:54:43:
[37m      54 │        : this.mensajesService.getRecibidos([32mthis.currentUser.id[37m);
         ╵                                            [32m~~~~~~~~~~~~~~~~~~~[0m


[31m✘ [41;31m[[41;97mERROR[41;31m][0m [1mTS2339: Property 'enviarMensaje' does not exist on type 'MensajesService'.[0m [1m[35m[plugin angular-compiler][0m

    src/app/profesor/pages/comunicacion/comunicacion.component.ts:86:27:
[37m      86 │       this.mensajesService.[32menviarMensaje[37m(payload).subscribe({
         ╵                            [32m~~~~~~~~~~~~~[0m


[31m✘ [41;31m[[41;97mERROR[41;31m][0m [1mTS7006: Parameter 'err' implicitly has an 'any' type.[0m [1m[35m[plugin angular-compiler][0m

    src/app/profesor/pages/comunicacion/comunicacion.component.ts:95:18:
[37m      95 │           error: ([32merr[37m) => {
         ╵                   [32m~~~[0m


[31m✘ [41;31m[[41;97mERROR[41;31m][0m [1mCould not resolve "../../../environments/environment"[0m

    src/app/profesor/services/materiales.service.ts:2:28:
[37m      2 │ import { environment } from [32m'../../../environments/environment'[37m;
        ╵                             [32m~~~~~~~~~~~~~~~~~~~~~~~~~~~~~~~~~~~[0m


[31m✘ [41;31m[[41;97mERROR[41;31m][0m [1mTS2307: Cannot find module '../../../environments/environment' or its corresponding type declarations.[0m [1m[35m[plugin angular-compiler][0m

    src/app/profesor/services/materiales.service.ts:4:28:
[37m      4 │ import { environment } from [32m'../../../environments/environment'[37m;
        ╵                             [32m~~~~~~~~~~~~~~~~~~~~~~~~~~~~~~~~~~~[0m


Watch mode enabled. Watching for file changes...
❯ Changes detected. Rebuilding...
✔ Changes detected. Rebuilding...
Application bundle generation failed. [3.646 seconds] - 2025-12-02T00:55:55.394Z

[31m✘ [41;31m[[41;97mERROR[41;31m][0m [1mTS2339: Property 'getClase' does not exist on type 'ClasesService'.[0m [1m[35m[plugin angular-compiler][0m

    src/app/profesor/pages/asistencia/asistencia.component.ts:51:25:
[37m      51 │       this.clasesService.[32mgetClase[37m(this.idClase).subscribe({
         ╵                          [32m~~~~~~~~[0m


[31m✘ [41;31m[[41;97mERROR[41;31m][0m [1mTS7006: Parameter 'clase' implicitly has an 'any' type.[0m [1m[35m[plugin angular-compiler][0m

    src/app/profesor/pages/asistencia/asistencia.component.ts:52:17:
[37m      52 │           next: ([32mclase[37m) => {
         ╵                  [32m~~~~~[0m


[31m✘ [41;31m[[41;97mERROR[41;31m][0m [1mTS7006: Parameter 'err' implicitly has an 'any' type.[0m [1m[35m[plugin angular-compiler][0m

    src/app/profesor/pages/asistencia/asistencia.component.ts:57:18:
[37m      57 │           error: ([32merr[37m) => {
         ╵                   [32m~~~[0m


[31m✘ [41;31m[[41;97mERROR[41;31m][0m [1mTS2339: Property 'getAsistenciaClase' does not exist on type 'AsistenciaService'.[0m [1m[35m[plugin angular-compiler][0m

    src/app/profesor/pages/asistencia/asistencia.component.ts:84:29:
[37m      84 │ ...this.asistenciaService.[32mgetAsistenciaClase[37m(this.idClase).subscri...
         ╵                           [32m~~~~~~~~~~~~~~~~~~[0m


[31m✘ [41;31m[[41;97mERROR[41;31m][0m [1mTS7006: Parameter 'data' implicitly has an 'any' type.[0m [1m[35m[plugin angular-compiler][0m

    src/app/profesor/pages/asistencia/asistencia.component.ts:85:17:
[37m      85 │           next: ([32mdata[37m) => {
         ╵                  [32m~~~~[0m


[31m✘ [41;31m[[41;97mERROR[41;31m][0m [1mTS7006: Parameter 'err' implicitly has an 'any' type.[0m [1m[35m[plugin angular-compiler][0m

    src/app/profesor/pages/asistencia/asistencia.component.ts:93:18:
[37m      93 │           error: ([32merr[37m) => {
         ╵                   [32m~~~[0m


[31m✘ [41;31m[[41;97mERROR[41;31m][0m [1mTS2339: Property 'saveAsistencia' does not exist on type 'AsistenciaService'.[0m [1m[35m[plugin angular-compiler][0m

    src/app/profesor/pages/asistencia/asistencia.component.ts:109:29:
[37m      109 │       this.asistenciaService.[32msaveAsistencia[37m(records).subscribe({
          ╵                              [32m~~~~~~~~~~~~~~[0m


[31m✘ [41;31m[[41;97mERROR[41;31m][0m [1mTS7006: Parameter 'err' implicitly has an 'any' type.[0m [1m[35m[plugin angular-compiler][0m

    src/app/profesor/pages/asistencia/asistencia.component.ts:115:18:
[37m      115 │           error: ([32merr[37m) => {
          ╵                   [32m~~~[0m


[31m✘ [41;31m[[41;97mERROR[41;31m][0m [1mTS2554: Expected 0 arguments, but got 1.[0m [1m[35m[plugin angular-compiler][0m

    src/app/profesor/pages/comunicacion/comunicacion.component.ts:53:42:
[37m      53 │        ? this.mensajesService.getEnviados([32mthis.currentUser.id[37m)
         ╵                                           [32m~~~~~~~~~~~~~~~~~~~[0m


[31m✘ [41;31m[[41;97mERROR[41;31m][0m [1mTS2554: Expected 0 arguments, but got 1.[0m [1m[35m[plugin angular-compiler][0m

    src/app/profesor/pages/comunicacion/comunicacion.component.ts:54:43:
[37m      54 │        : this.mensajesService.getRecibidos([32mthis.currentUser.id[37m);
         ╵                                            [32m~~~~~~~~~~~~~~~~~~~[0m


[31m✘ [41;31m[[41;97mERROR[41;31m][0m [1mTS2339: Property 'enviarMensaje' does not exist on type 'MensajesService'.[0m [1m[35m[plugin angular-compiler][0m

    src/app/profesor/pages/comunicacion/comunicacion.component.ts:86:27:
[37m      86 │       this.mensajesService.[32menviarMensaje[37m(payload).subscribe({
         ╵                            [32m~~~~~~~~~~~~~[0m


[31m✘ [41;31m[[41;97mERROR[41;31m][0m [1mTS7006: Parameter 'err' implicitly has an 'any' type.[0m [1m[35m[plugin angular-compiler][0m

    src/app/profesor/pages/comunicacion/comunicacion.component.ts:95:18:
[37m      95 │           error: ([32merr[37m) => {
         ╵                   [32m~~~[0m


❯ Changes detected. Rebuilding...
✔ Changes detected. Rebuilding...
Application bundle generation failed. [0.327 seconds] - 2025-12-02T00:56:00.507Z

[31m✘ [41;31m[[41;97mERROR[41;31m][0m [1mTS2339: Property 'getClase' does not exist on type 'ClasesService'.[0m [1m[35m[plugin angular-compiler][0m

    src/app/profesor/pages/asistencia/asistencia.component.ts:51:25:
[37m      51 │       this.clasesService.[32mgetClase[37m(this.idClase).subscribe({
         ╵                          [32m~~~~~~~~[0m


[31m✘ [41;31m[[41;97mERROR[41;31m][0m [1mTS7006: Parameter 'clase' implicitly has an 'any' type.[0m [1m[35m[plugin angular-compiler][0m

    src/app/profesor/pages/asistencia/asistencia.component.ts:52:17:
[37m      52 │           next: ([32mclase[37m) => {
         ╵                  [32m~~~~~[0m


[31m✘ [41;31m[[41;97mERROR[41;31m][0m [1mTS7006: Parameter 'err' implicitly has an 'any' type.[0m [1m[35m[plugin angular-compiler][0m

    src/app/profesor/pages/asistencia/asistencia.component.ts:57:18:
[37m      57 │           error: ([32merr[37m) => {
         ╵                   [32m~~~[0m


[31m✘ [41;31m[[41;97mERROR[41;31m][0m [1mTS2554: Expected 0 arguments, but got 1.[0m [1m[35m[plugin angular-compiler][0m

    src/app/profesor/pages/comunicacion/comunicacion.component.ts:53:42:
[37m      53 │        ? this.mensajesService.getEnviados([32mthis.currentUser.id[37m)
         ╵                                           [32m~~~~~~~~~~~~~~~~~~~[0m


[31m✘ [41;31m[[41;97mERROR[41;31m][0m [1mTS2554: Expected 0 arguments, but got 1.[0m [1m[35m[plugin angular-compiler][0m

    src/app/profesor/pages/comunicacion/comunicacion.component.ts:54:43:
[37m      54 │        : this.mensajesService.getRecibidos([32mthis.currentUser.id[37m);
         ╵                                            [32m~~~~~~~~~~~~~~~~~~~[0m


[31m✘ [41;31m[[41;97mERROR[41;31m][0m [1mTS2339: Property 'enviarMensaje' does not exist on type 'MensajesService'.[0m [1m[35m[plugin angular-compiler][0m

    src/app/profesor/pages/comunicacion/comunicacion.component.ts:86:27:
[37m      86 │       this.mensajesService.[32menviarMensaje[37m(payload).subscribe({
         ╵                            [32m~~~~~~~~~~~~~[0m


[31m✘ [41;31m[[41;97mERROR[41;31m][0m [1mTS7006: Parameter 'err' implicitly has an 'any' type.[0m [1m[35m[plugin angular-compiler][0m

    src/app/profesor/pages/comunicacion/comunicacion.component.ts:95:18:
[37m      95 │           error: ([32merr[37m) => {
         ╵                   [32m~~~[0m


❯ Changes detected. Rebuilding...
✔ Changes detected. Rebuilding...
Application bundle generation failed. [0.264 seconds] - 2025-12-02T00:56:07.034Z

[31m✘ [41;31m[[41;97mERROR[41;31m][0m [1mTS2554: Expected 0 arguments, but got 1.[0m [1m[35m[plugin angular-compiler][0m

    src/app/profesor/pages/comunicacion/comunicacion.component.ts:53:42:
[37m      53 │        ? this.mensajesService.getEnviados([32mthis.currentUser.id[37m)
         ╵                                           [32m~~~~~~~~~~~~~~~~~~~[0m


[31m✘ [41;31m[[41;97mERROR[41;31m][0m [1mTS2554: Expected 0 arguments, but got 1.[0m [1m[35m[plugin angular-compiler][0m

    src/app/profesor/pages/comunicacion/comunicacion.component.ts:54:43:
[37m      54 │        : this.mensajesService.getRecibidos([32mthis.currentUser.id[37m);
         ╵                                            [32m~~~~~~~~~~~~~~~~~~~[0m


[31m✘ [41;31m[[41;97mERROR[41;31m][0m [1mTS2339: Property 'enviarMensaje' does not exist on type 'MensajesService'.[0m [1m[35m[plugin angular-compiler][0m

    src/app/profesor/pages/comunicacion/comunicacion.component.ts:86:27:
[37m      86 │       this.mensajesService.[32menviarMensaje[37m(payload).subscribe({
         ╵                            [32m~~~~~~~~~~~~~[0m


[31m✘ [41;31m[[41;97mERROR[41;31m][0m [1mTS7006: Parameter 'err' implicitly has an 'any' type.[0m [1m[35m[plugin angular-compiler][0m

    src/app/profesor/pages/comunicacion/comunicacion.component.ts:95:18:
[37m      95 │           error: ([32merr[37m) => {
         ╵                   [32m~~~[0m


❯ Changes detected. Rebuilding...
✔ Changes detected. Rebuilding...
Application bundle generation failed. [0.315 seconds] - 2025-12-02T00:56:18.109Z

[31m✘ [41;31m[[41;97mERROR[41;31m][0m [1mTS2339: Property 'sendMessage' does not exist on type 'MensajesService'.[0m [1m[35m[plugin angular-compiler][0m

    src/app/tutores/comunicacion-tutores.component.ts:105:25:
[37m      105 │     this.mensajesService.[32msendMessage[37m(destinatarioId, asunto, cont...
          ╵                          [32m~~~~~~~~~~~[0m


[31m✘ [41;31m[[41;97mERROR[41;31m][0m [1mTS7006: Parameter 'err' implicitly has an 'any' type.[0m [1m[35m[plugin angular-compiler][0m

    src/app/tutores/comunicacion-tutores.component.ts:115:14:
[37m      115 │       error: ([32merr[37m) => {
          ╵               [32m~~~[0m


❯ Changes detected. Rebuilding...
✔ Changes detected. Rebuilding...
Initial chunk files | Names                          |  Raw size
styles.css          | styles                         | 279.23 kB |
main.js             | main                           |  45.06 kB |
chunk-EI6D73B2.js   | -                              |   2.04 kB |
chunk-CZJLB7T5.js   | -                              |   1.08 kB |
polyfills.js        | polyfills                      | 128 bytes |

                    | Initial total                  | 327.54 kB

Lazy chunk files    | Names                          |  Raw size
chunk-5RV4VZFO.js   | list-user                      |  36.29 kB |
chunk-E27PNUIW.js   | reportes-component             |  32.89 kB |
chunk-LF3BLUEA.js   | gestion-clase                  |  30.25 kB |
chunk-QB2SRTCC.js   | login-component                |  29.32 kB |
chunk-K6FGEA56.js   | create-edit-user               |  29.16 kB |
chunk-EI7GT7QG.js   | admin-layout-component         |  29.15 kB |
chunk-YURVFLBF.js   | materiales-component           |  28.89 kB |
chunk-RPYDF3L5.js   | cargar-notas                   |  25.95 kB |
chunk-L243KVGF.js   | comunicacion-tutores-component |  24.67 kB |
chunk-FG3ZC3E2.js   | comunicacion-component         |  24.53 kB |
chunk-RZPTM25Z.js   | configurar-cursos-component    |  24.19 kB |
chunk-FPWHQ3IU.js   | estadisticas-profesor          |  24.12 kB |
chunk-FLBGGOET.js   | anuncios-component             |  23.94 kB |
chunk-LFVEG5ZW.js   | mensajes-estudiantes-component |  22.33 kB |
chunk-3WZMSU7X.js   | comunicacion-component         |  21.50 kB |
...and 34 more lazy chunks files. Use "--verbose" to show all the files.

Application bundle generation complete. [0.519 seconds] - 2025-12-02T00:56:54.394Z

NOTE: Raw file sizes do not reflect development server per-request transformations.
  ➜  Local:   http://localhost:4200/
[baseline-browser-mapping] The data in this module is over two months old.  To ensure accurate Baseline data, please update: `npm i baseline-browser-mapping@latest -D`
❯ Changes detected. Rebuilding...
✔ Changes detected. Rebuilding...
Initial chunk files | Names                | Raw size
main.js             | main                 | 45.06 kB |

Lazy chunk files    | Names                | Raw size
chunk-RRVWZPRT.js   | asistencia-component | 19.79 kB |

Application bundle generation complete. [0.485 seconds] - 2025-12-02T00:57:08.948Z

Page reload sent to client(s).
❯ Changes detected. Rebuilding...
✔ Changes detected. Rebuilding...
Initial chunk files | Names                  | Raw size
main.js             | main                   | 45.06 kB |

Lazy chunk files    | Names                  | Raw size
chunk-GN7VDAJC.js   | comunicacion-component | 21.46 kB |

Application bundle generation complete. [1.142 seconds] - 2025-12-02T00:57:22.604Z

Page reload sent to client(s).
❯ Changes detected. Rebuilding...
✔ Changes detected. Rebuilding...
Initial chunk files | Names                     | Raw size
main.js             | main                      | 44.98 kB |

Lazy chunk files    | Names                     | Raw size
chunk-QFPSN2ML.js   | profesor-layout-component | 21.52 kB |

Application bundle generation complete. [5.778 seconds] - 2025-12-02T01:16:14.198Z

Page reload sent to client(s).
